<html>
  <head>
    <meta charset="utf-8">
    <meta name="viewport" content="width=device-width, initial-scale=1.0">
    <link rel="stylesheet" type="text/css" href="normalize.css">
    <link rel="stylesheet" type="text/css" href="doc.css">
  </head>
  <body>
    <h1 class="document-title">
      Package: service@1.0.0
    </h1>
    <div class="grid-container">
      <div class="grid-overview">
        <section class="section-content section-packages">
  <h1 class="section-title">Packages</h1>
  <div class="section-body">
    <ul class="packages-list">
      <li>
        <a href="common_1_0_0.html">common@1.0.0</a>
      </li>
      <li><b>service@1.0.0</b></li>
      <li>
        <a href="service_2_0_0.html">service@2.0.0</a>
      </li>
      <li>
        <a href="test.html">test</a>
      </li>
    </ul>
  </div>
</section>
<section class="section-content section-service-overview">
  <h1 class="section-title">Services</h1>
  <div class="section-body">
    <h2>MyService::MyService</h2>
    <div class="description"><h1>HUGE Example Service</h1>
</div>
    <div class="endpoint short get">
      <a class="endpoint-title" href="#MyService::MyService_GET_v1_foo_0">
        <span class="method">GET</span>
        <span class="url">/v1/foo</span>
      </a>
      <div class="endpoint-body">
        <div class="description"><h1>Search for a list of foos.</h1>
</div>
      </div>
    </div>
    <div class="endpoint short post">
      <a class="endpoint-title" href="#MyService::MyService_POST_v1_foo_1">
        <span class="method">POST</span>
        <span class="url">/v1/foo</span>
      </a>
      <div class="endpoint-body">
        <div class="description"><p>Create a new foo.</p>
</div>
      </div>
    </div>
    <div class="endpoint short get">
      <a class="endpoint-title" href="#MyService::MyService_GET_v1_foo_id_2">
        <span class="method">GET</span>
        <span class="url">/v1/foo/{id}</span>
      </a>
      <div class="endpoint-body">
        <div class="description"><h1>Get the foo with the current ID.</h1>
</div>
      </div>
    </div>
    <div class="endpoint short delete">
      <a class="endpoint-title" href="#MyService::MyService_DELETE_v1_foo_id_3">
        <span class="method">DELETE</span>
        <span class="url">/v1/foo/{id}</span>
      </a>
      <div class="endpoint-body">
        <div class="description"><h1>Delete the foo with the given ID.</h1>
</div>
      </div>
    </div>
    <div class="endpoint short delete">
      <a class="endpoint-title" href="#MyService::MyService_DELETE_v1_foo_%C3%A5berg%20%3C%3E_4">
        <span class="method">DELETE</span>
        <span class="url">/v1/foo/åberg &lt;&gt;</span>
      </a>
      <div class="endpoint-body">
        <div class="description"><p>Specifically delete this last name.</p>
</div>
      </div>
    </div>
  </div>
</section>

      </div>
      <div class="grid-decls">
        <section id="MyService_MyService" class="section-content section-service">
  <h1 class="section-title">
    <a class="link" href="#MyService_MyService">MyService::MyService</a>
    <span class="type">service</span>
  </h1>
  <div class="section-body">
    <div class="description"><h1>HUGE Example Service</h1>
<p>This is a test to see if the documentation makes <em>any</em> sense.</p>
</div>
    <div class="endpoint get" id="MyService::MyService_GET_v1_foo_0">
      <h2 class="endpoint-title">
        <span class="method">GET</span>
        <a class="url" href="#MyService::MyService_GET_v1_foo_0">/v1/foo</a>
      </h2>
      <div class="endpoint-body">
        <div class="description"><h1>Search for a list of foos.</h1>
<p>This uses method <code>GET</code> because it is <em>good</em>.</p>
</div>
      </div>
    </div>
    <div class="endpoint post" id="MyService::MyService_POST_v1_foo_1">
      <h2 class="endpoint-title">
        <span class="method">POST</span>
        <a class="url" href="#MyService::MyService_POST_v1_foo_1">/v1/foo</a>
      </h2>
      <div class="endpoint-body">
        <div class="description"><p>Create a new foo.</p>
</div>
        <h2>Accepts</h2>
        <table class="spaced">
          <tr>
            <td class="name">
              <code>foo</code>
            </td>
            <td class="mime">
              <code>application/json</code>
            </td>
            <td class="type">
              <span class="ty"><span class="type-any">
                <code class="type-name">any</code>
              </span>
              </span>
            </td>
            <td class="description">
              <p>Only acceptable when I'm ~drunk~ Sober!</p>

            </td>
          </tr>
        </table>
      </div>
    </div>
    <div class="endpoint get" id="MyService::MyService_GET_v1_foo_id_2">
      <h2 class="endpoint-title">
        <span class="method">GET</span>
        <a class="url" href="#MyService::MyService_GET_v1_foo_id_2">/v1/foo/{id}</a>
      </h2>
      <div class="endpoint-body">
        <div class="description"><h1>Get the foo with the current ID.</h1>
<p>These things cannot do shit.</p>
<pre><code class="language-yaml">foo: 1234
</code></pre>
</div>
      </div>
    </div>
    <div class="endpoint delete" id="MyService::MyService_DELETE_v1_foo_id_3">
      <h2 class="endpoint-title">
        <span class="method">DELETE</span>
        <a class="url" href="#MyService::MyService_DELETE_v1_foo_id_3">/v1/foo/{id}</a>
      </h2>
      <div class="endpoint-body">
        <div class="description"><h1>Delete the foo with the given ID.</h1>
<p>TODO: validate that endpoint has sane structure.</p>
<ul>
<li>If the endpoint is named, zero or one unnamed accept is permitted and it will take the
name of the endpoint.</li>
<li>All other accepts must be named.</li>
<li>All accepts must either have unique mime-types, or only have one unspecified mime type.</li>
</ul>
</div>
        <h2>Accepts</h2>
        <table class="spaced">
          <tr>
            <td class="name">
              <code>delete_id</code>
            </td>
            <td class="mime">
              <code>*/*</code>
            </td>
            <td class="type">
              <span class="ty"><span class="type-rp-name">
                <a href="common_1_0_0.html#Entry">Entry</a>
              </span>
              </span>
            </td>
            <td class="description">
            </td>
          </tr>
        </table>
        <h2>Returns</h2>
        <table class="spaced">
          <tr>
            <td class="status">302</td>
            <td class="mime">
              <code>application/json</code>
            </td>
            <td class="type">
              <span class="ty"><span class="type-any">
                <code class="type-name">any</code>
              </span>
              </span>
            </td>
            <td class="description">
              <p>Redirect stuff.</p>

            </td>
          </tr>
        </table>
      </div>
    </div>
    <div class="endpoint delete" id="MyService::MyService_DELETE_v1_foo_%C3%A5berg%20%3C%3E_4">
      <h2 class="endpoint-title">
        <span class="method">DELETE</span>
        <a class="url" href="#MyService::MyService_DELETE_v1_foo_%C3%A5berg%20%3C%3E_4">/v1/foo/åberg &lt;&gt;</a>
      </h2>
      <div class="endpoint-body">
        <div class="description"><p>Specifically delete this last name.</p>
</div>
        <h2>Returns</h2>
        <table class="spaced">
          <tr>
            <td class="status">302</td>
            <td class="mime">
              <code>*/*</code>
            </td>
            <td class="type">
              <span class="ty"><span class="type-any">
                <code class="type-name">any</code>
              </span>
              </span>
            </td>
            <td class="description">
            </td>
          </tr>
        </table>
      </div>
    </div>
  </div>
</section>

      </div>
    </div>
  </body>
</html>
