<html>
  <head>
    <meta charset="utf-8">
    <meta name="viewport" content="width=device-width, initial-scale=1.0">
    <link rel="stylesheet" type="text/css" href="normalize.css">
    <link rel="stylesheet" type="text/css" href="doc.css">
  </head>
  <body>
    <h1 class="document-title">
      Package: service@2.0.0
    </h1>
    <div class="grid-container">
      <div class="grid-overview">
        <section class="section-content section-packages">
  <h1 class="section-title">Packages</h1>
  <div class="section-body">
    <ul class="packages-list">
      <li>
        <a href="common.html">common</a>
      </li>
      <li>
        <a href="service_1_0_0.html">service@1.0.0</a>
      </li>
      <li><b>service@2.0.0</b></li>
      <li>
        <a href="test.html">test</a>
      </li>
    </ul>
  </div>
</section>
<section class="section-content section-service-overview">
  <h1 class="section-title">Services</h1>
  <div class="section-body">
    <h2>MyService</h2>
    <div class="endpoint short">
      <a class="endpoint-title" href="#MyService_unknown">
        <span class="name">unknown</span>
      </a>
      <div class="endpoint-body">
        <div class="description"><p>UNKNOWN</p>
</div>
      </div>
    </div>
    <div class="endpoint short">
      <a class="endpoint-title" href="#MyService_unknown_return">
        <span class="name">unknown_return</span>
      </a>
      <div class="endpoint-body">
        <div class="description"><p>UNKNOWN</p>
</div>
      </div>
    </div>
    <div class="endpoint short">
      <a class="endpoint-title" href="#MyService_unknown_argument">
        <span class="name">unknown_argument</span>
      </a>
      <div class="endpoint-body">
        <div class="description"><p>UNKNOWN</p>
</div>
      </div>
    </div>
    <div class="endpoint short">
      <a class="endpoint-title" href="#MyService_unary">
        <span class="name">unary</span>
      </a>
      <div class="endpoint-body">
        <div class="description"><p>UNARY</p>
</div>
      </div>
    </div>
    <div class="endpoint short">
      <a class="endpoint-title" href="#MyService_server_streaming">
        <span class="name">server_streaming</span>
      </a>
      <div class="endpoint-body">
        <div class="description"><p>SERVER_STREMAING</p>
</div>
      </div>
    </div>
    <div class="endpoint short">
      <a class="endpoint-title" href="#MyService_client_streaming">
        <span class="name">client_streaming</span>
      </a>
      <div class="endpoint-body">
        <div class="description"><p>CLIENT_STREAMING</p>
</div>
      </div>
    </div>
    <div class="endpoint short">
      <a class="endpoint-title" href="#MyService_bidi_streaming">
        <span class="name">bidi_streaming</span>
      </a>
      <div class="endpoint-body">
        <div class="description"><p>BIDI_STREAMING</p>
</div>
      </div>
    </div>
  </div>
</section>

      </div>
      <div class="grid-decls">
        <section id="MyService" class="section-content section-service">
  <h1 class="section-title">
    <a class="link" href="#MyService">MyService</a>
    <span class="type">service</span>
  </h1>
  <div class="section-body">
    <div class="endpoint" id="MyService_unknown">
      <h2 class="endpoint-title">
        <span class="name">unknown</span>
      </h2>
      <div class="endpoint-body">
        <div class="description"><p>UNKNOWN</p>
</div>
      </div>
    </div>
    <div class="endpoint" id="MyService_unknown_return">
      <h2 class="endpoint-title">
        <span class="name">unknown_return</span>
      </h2>
      <div class="endpoint-body">
        <div class="description"><p>UNKNOWN</p>
</div>
        <h2>Response</h2>
        <div class="type">
          <span class="ty"><span class="type-rp-name">
            <a href="common.html#Entry">Entry</a>
          </span>
          </span>
        </div>
      </div>
    </div>
    <div class="endpoint" id="MyService_unknown_argument">
      <h2 class="endpoint-title">
        <span class="name">unknown_argument</span>
      </h2>
      <div class="endpoint-body">
        <div class="description"><p>UNKNOWN</p>
</div>
        <h2>Request</h2>
        <div class="type">
          <span class="ty"><span class="type-rp-name">
            <a href="common.html#Entry">Entry</a>
          </span>
          </span>
        </div>
      </div>
    </div>
    <div class="endpoint" id="MyService_unary">
      <h2 class="endpoint-title">
        <span class="name">unary</span>
      </h2>
      <div class="endpoint-body">
        <div class="description"><p>UNARY</p>
</div>
        <h2>Request</h2>
        <div class="type">
          <span class="ty"><span class="type-rp-name">
            <a href="common.html#Entry">Entry</a>
          </span>
          </span>
        </div>
        <h2>Response</h2>
        <div class="type">
          <span class="ty"><span class="type-rp-name">
            <a href="common.html#Entry">Entry</a>
          </span>
          </span>
        </div>
      </div>
    </div>
    <div class="endpoint" id="MyService_server_streaming">
      <h2 class="endpoint-title">
        <span class="name">server_streaming</span>
      </h2>
      <div class="endpoint-body">
        <div class="description"><p>SERVER_STREMAING</p>
</div>
        <h2>Request</h2>
        <div class="type">
          <span class="ty"><span class="type-rp-name">
            <a href="common.html#Entry">Entry</a>
          </span>
          </span>
        </div>
        <h2>Response</h2>
        <div class="type">
          <span class="ty"><span class="type-rp-name">
            <a href="common.html#Entry">Entry</a>
          </span>
          </span>
        </div>
      </div>
    </div>
    <div class="endpoint" id="MyService_client_streaming">
      <h2 class="endpoint-title">
        <span class="name">client_streaming</span>
      </h2>
      <div class="endpoint-body">
        <div class="description"><p>CLIENT_STREAMING</p>
</div>
        <h2>Request</h2>
        <div class="type">
          <span class="ty"><span class="type-rp-name">
            <a href="common.html#Entry">Entry</a>
          </span>
          </span>
        </div>
        <h2>Response</h2>
        <div class="type">
          <span class="ty"><span class="type-rp-name">
            <a href="common.html#Entry">Entry</a>
          </span>
          </span>
        </div>
      </div>
    </div>
    <div class="endpoint" id="MyService_bidi_streaming">
      <h2 class="endpoint-title">
        <span class="name">bidi_streaming</span>
      </h2>
      <div class="endpoint-body">
        <div class="description"><p>BIDI_STREAMING</p>
</div>
        <h2>Request</h2>
        <div class="type">
          <span class="ty"><span class="type-rp-name">
            <a href="common.html#Entry">Entry</a>
          </span>
          </span>
        </div>
        <h2>Response</h2>
        <div class="type">
          <span class="ty"><span class="type-rp-name">
            <a href="common.html#Entry">Entry</a>
          </span>
          </span>
        </div>
      </div>
    </div>
  </div>
</section>

      </div>
    </div>
  </body>
</html>
