<html>
  <head>
    <meta charset="utf-8">
    <meta name="viewport" content="width=device-width, initial-scale=1.0">
    <link rel="stylesheet" type="text/css" href="normalize.css">
    <link rel="stylesheet" type="text/css" href="doc.css">
  </head>
  <body>
    <section class="section-content section-packages">
      <h1 class="section-title">Packages</h1>
      <div class="section-body">
        <ul class="packages-list">
          <li>
            <a href="test.html">test</a>
          </li>
        </ul>
      </div>
    </section>
  </body>
</html>
