<html>
  <head>
    <meta charset="utf-8">
    <meta name="viewport" content="width=device-width, initial-scale=1.0">
    <link rel="stylesheet" type="text/css" href="../normalize.css">
    <link rel="stylesheet" type="text/css" href="../doc.css">
  </head>
  <body>
    <div class="container">
      <nav class="top">
        <a href="../index.html">Index</a>
        <span>&mdash;</span>
        <a href="../test/index.html">Package: test</a>
      </nav>
      <section id="EnumLongNames" class="section-content section-enum">
        <h1 class="section-title">
          <span class="kind">enum</span>
          <a class="name-local" href="enum.EnumLongNames.html">EnumLongNames</a>
        </h1>
        <div class="doc">
          <p>Variants with long names.</p>

        </div>
        <h3 id="EnumLongNames_FooBar">
          <span class="kind">variant</span>
          <a class="name-part" href="enum.EnumLongNames.html">EnumLongNames</a>
          <span class="name-sep">::</span>
          <a class="name-local" href="enum.EnumLongNames.html#EnumLongNames_FooBar">FooBar</a>
          <span class="keyword">as</span>
          <span class="variant-ordinal">&quot;FooBar&quot;</span>
        </h3>
        <div class="missing-doc">no documentation :(</div>
        <h3 id="EnumLongNames_Baz">
          <span class="kind">variant</span>
          <a class="name-part" href="enum.EnumLongNames.html">EnumLongNames</a>
          <span class="name-sep">::</span>
          <a class="name-local" href="enum.EnumLongNames.html#EnumLongNames_Baz">Baz</a>
          <span class="keyword">as</span>
          <span class="variant-ordinal">&quot;Baz&quot;</span>
        </h3>
        <div class="missing-doc">no documentation :(</div>
      </section>
    </div>
  </body>
</html>
