<html>
  <head>
    <meta charset="utf-8">
    <meta name="viewport" content="width=device-width, initial-scale=1.0">
    <link rel="stylesheet" type="text/css" href="../normalize.css">
    <link rel="stylesheet" type="text/css" href="../doc.css">
  </head>
  <body>
    <div class="container">
      <nav class="top">
        <a href="../index.html">Index</a>
        <span>&mdash;</span>
        <a href="../test/index.html">Package: test</a>
      </nav>
      <section class="section-content">
        <h1 class="section-title">
          <span class="kind">package</span>
          <span class="name-package">test</span>
        </h1>
        <div class="missing-doc">no documentation :(</div>
        <h2 class="kind">Types</h2>
        <table>
          <tr>
            <td class="package-item">
              <a class="name-local" href="type.Entry.html">Entry</a>
            </td>
            <td class="package-item-doc">
              <div class="missing-doc">no documentation :(</div>
            </td>
          </tr>
        </table>
        <h2 class="kind">Enums</h2>
        <table>
          <tr>
            <td class="package-item">
              <a class="name-local" href="enum.EnumExplicit.html">EnumExplicit</a>
            </td>
            <td class="package-item-doc">
              <div class="doc">
                <p>Explicitly assigned strings</p>

              </div>
            </td>
          </tr>
          <tr>
            <td class="package-item">
              <a class="name-local" href="enum.EnumImplicit.html">EnumImplicit</a>
            </td>
            <td class="package-item-doc">
              <div class="doc">
                <p>Implicit naming depending on the variant</p>

              </div>
            </td>
          </tr>
          <tr>
            <td class="package-item">
              <a class="name-local" href="enum.EnumLongNames.html">EnumLongNames</a>
            </td>
            <td class="package-item-doc">
              <div class="doc">
                <p>Variants with long names.</p>

              </div>
            </td>
          </tr>
        </table>
      </section>
    </div>
  </body>
</html>
